[2026-03-15 19:41:02] [INFO] Removendo: 'NAT-WinRouter-60' (Active=False)
[2026-03-15 19:41:02] [INFO] Estado inicial:
[2026-03-15 19:41:02] [INFO]   WinNAT: StopPending
[2026-03-15 19:41:02] [INFO]   IPEnableRouter: 1
[2026-03-15 19:41:02] [INFO] [1/3] Parando e desabilitando WinNAT...
[2026-03-15 19:41:02] [INFO] Stop-WinNatForced (timeout 8s)
[2026-03-15 19:41:02] [INFO] Status inicial: StopPending
[2026-03-15 19:41:02] [INFO] [1/4] Stop-Service...
[2026-03-15 19:41:02] [WARN] Stop-Service falhou: Service 'Driver NAT do Windows (winnat)' cannot be stopped due to the following error: Cannot stop 'winnat' service on computer '.'.
[2026-03-15 19:41:10] [INFO] Apos Stop-Service: StopPending
[2026-03-15 19:41:10] [INFO] [2/4] sc queryex PID...
[2026-03-15 19:41:10] [INFO] sc output:  NOME_DO_SERVIÇO: winnat      TIPO                       : 1  KERNEL_DRIVER       ESTADO                     : 3  STOP_PENDING                                  (STOPPABLE, NOT_PAUSABLE, IGNORES_SHUTDOWN)     CÓDIGO_DE_SAÍDA_DO_WIN32   : 0  (0x0)     CÓDIGO_DE_SAÍDA_DO_SERVIÇO : 0  (0x0)     PONTO_DE_VERIFICAÇÃO       : 0x0     AGUARDAR_DICA              : 0x0     PID                        : 0     SINALIZADORES              : 
[2026-03-15 19:41:10] [INFO] PID: 0
[2026-03-15 19:41:10] [INFO] [3/4] taskkill /FI...
[2026-03-15 19:41:10] [INFO] taskkill /FI:  INFORMAÇÕES: nenhuma tarefa em execução com os critérios especificados.
[2026-03-15 19:41:12] [INFO] [4/4] sc stop...
[2026-03-15 19:41:12] [INFO] sc stop: [SC] ControlService FALHA 1061:  O serviço não pode aceitar mensagens de controle neste momento. 
[2026-03-15 19:41:14] [INFO] Status FINAL winnat: StopPending
[2026-03-15 19:41:14] [ERROR] winnat travado 'StopPending'. Reboot recomendado.
[2026-03-15 19:41:14] [INFO] Desabilitando WinNAT (sc config disabled)...
[2026-03-15 19:41:14] [INFO] sc config disabled: [SC] ChangeServiceConfig ÊXITO
[2026-03-15 19:41:14] [INFO] Removendo regra 'NAT-WinRouter-60'...
[2026-03-15 19:41:14] [WARN] Erro CIM Remove-NetNat: Não há suporte à operação solicitada.
[2026-03-15 19:41:14] [ERROR] A remoção direta da regra NAT falhou. O fallback agressivo não foi habilitado.
[2026-03-15 19:41:14] [INFO] [2/3] IPEnableRouter = 0...
[2026-03-15 19:41:14] [SUCCESS] IPEnableRouter = 0 OK.
[2026-03-15 19:41:15] [INFO] [3/3] WinNAT startup + reset TCP/IP...
[2026-03-15 19:41:15] [INFO] Regras ATIVAS restantes: 1
[2026-03-15 19:41:17] [INFO] WinNAT reabilitado (ha outras regras ativas).
[2026-03-15 19:41:17] [INFO] netsh int ip reset...
[2026-03-15 19:41:17] [INFO] netsh winsock reset...
[2026-03-15 19:41:17] [WARN] netsh reset OK. Reboot aplica completamente.
[2026-03-15 19:41:17] [INFO] === VERIFICACAO FINAL ===
[2026-03-15 19:41:17] [SUCCESS] OK: Regra 'NAT-WinRouter-60' inativa (Active=False). NAT desabilitado.
[2026-03-15 19:41:17] [INFO]     Cache fantasma sera limpo apos reboot (netsh reset executado).
[2026-03-15 19:41:17] [INFO] IPEnableRouter final: 
[2026-03-15 19:41:17] [INFO] WinNAT final: StopPending / Manual
